🧪 DevToolbox 功能测试 (Playwright)

====================================================
🌐 本地服务器: http://localhost:8765

🏠 首页
  ✅ 首页

🧩 工具功能测试 (39 个)

  ❌ base64: 输出为空
  ✅ css-formatter
  ✅ html-formatter
  ✅ html-entity
  ✅ js-formatter
  ✅ json-formatter
  ✅ sql-formatter
  ✅ xml-formatter
  ✅ url-encode
  ✅ json-to-csv
  ✅ jwt-decoder
  ✅ yaml-formatter
  ✅ markdown-to-html
  ✅ case-converter
  ✅ word-count
  ✅ color-converter
  ✅ meta-tag
  ✅ number-base
  ✅ timestamp
  ✅ markdown-editor
  ✅ regex
  ✅ diff-checker
  ✅ uuid-generator
  ✅ password-generator
  ✅ lorem-ipsum
  ✅ random-number
  ✅ cron-generator
  ✅ bcrypt-generator
  ✅ hash-generator
  ✅ my-ip
  ✅ user-agent
  ✅ dns-lookup
  ✅ email-validator
  ❌ qrcode: 输出未出现
  ✅ css-gradient
  ⏭️ image-compressor: 需要文件上传
  ⏭️ image-converter: 需要文件上传
  ⏭️ svg-to-png: 需要文件上传
  ⏭️ base64-image: 需要文件上传

====================================================
📋 测试总结
====================================================
  通过: 34 | 失败: 2 | 跳过: 4
  覆盖率: 36/39 个工具
====================================================

❌ 功能测试失败 — 2 个工具需要修复
